INFO  Diffblue Cover 2025.12.02-74144f0-licensed
INFO  
INFO  Command: issues
INFO  Output a prioritized list of issues.
INFO  
INFO  Discovered modules:
INFO  - Infinitech-FinFlink:Infinitech-FinFlink
INFO  
INFO  
INFO  [1/1] Diagnosing issues for module: Infinitech-FinFlink:Infinitech-FinFlink
INFO  ===========================================================================
INFO  
INFO  Detected Java version 11.0.29
INFO  Selected build system: Maven
INFO  Reading report file '/home/jbergqvist/diffblue/terrierteam-FinFlink/.diffblue/reports/report.json'
INFO  Copied report file to '/home/jbergqvist/diffblue/terrierteam-FinFlink/.diffblue/reports/report-20260112T131756.json'
INFO  
INFO  R013: No inputs found that don't throw a trivial exception
      Diffblue Cover tried to run the arrange/act section, but the test threw
      java.lang.NullPointerException
          at eu.infinitech.finflink.structures.TradePeriod.initializeTradePeriod(TradePeriod.java:89)
      In order to prevent the method under test
      from throwing NullPointerException, add constructors or factory
      methods that make it easier to construct fully initialized objects used in
      the method under test.
      See https://diff.blue/R013 to resolve this issue.
      
INFO  Affected methods:
      eu.infinitech.finflink.structures.TradePeriod.initializeTradePeriod:(Ljava/util/List;)V
      
INFO  To resolve the issue, use the following prompt with your AI assistant:
      
      We are unit testing `eu.infinitech.finflink.structures.TradePeriod.initializeTradePeriod:(Ljava/util/List;)V`.
      
      Create a parameterless factory method for the problematic
      parameter/this object, determining which by reading the error message below.
      The new factory method should be in the test classpath, not production.
      Create a new factory class if there isn't already one for the class under test.
      Do not create a test yourself, only a factory (don't test the factory either).
      The factory must be annotated with `@com.diffblue.cover.annotations.InterestingTestFactory`.
      Avoid using mocks, these tend to produce unused stubbing errors or a
      `java.lang.NullPointerException`.
      If your environment has internet access then further documentation on
      factory methods for Cover can be found here:
      https://docs.diffblue.com/features/tutorials/increase-code-coverage#test-factory-pattern
      
      The factory should produce a parameter/this object such that
      the following exception does not occur:
      
      ```
      java.lang.NullPointerException
        at eu.infinitech.finflink.structures.TradePeriod.initializeTradePeriod(TradePeriod.java:89)
      ```
      
      Recompile the project to make sure the new factory is available to Cover.
      For example run `mvn install -DskipTests` or `gradle install -x test`.
      
INFO  
INFO  R013: No inputs found that don't throw a trivial exception
      Diffblue Cover tried to run the arrange/act section, but the test threw
      java.lang.ArrayIndexOutOfBoundsException: Index 2 out of bounds for length 2
          at eu.infinitech.finflink.transformations.data.ToTrade.map(ToTrade.java:21)
      In order to prevent the method under test
      from throwing ArrayIndexOutOfBoundsException, add constructors or factory
      methods that make it easier to construct fully initialized objects used in
      the method under test.
      See https://diff.blue/R013 to resolve this issue.
      
INFO  Affected methods:
      eu.infinitech.finflink.transformations.data.ToTrade.map:(Ljava/lang/String;)Leu/infinitech/finflink/structures/Trade;
      
INFO  To resolve the issue, use the following prompt with your AI assistant:
      
      We are unit testing `eu.infinitech.finflink.transformations.data.ToTrade.map:(Ljava/lang/String;)Leu/infinitech/finflink/structures/Trade;`.
      
      Create a parameterless factory method for the problematic
      parameter/this object, determining which by reading the error message below.
      The new factory method should be in the test classpath, not production.
      Create a new factory class if there isn't already one for the class under test.
      Do not create a test yourself, only a factory (don't test the factory either).
      The factory must be annotated with `@com.diffblue.cover.annotations.InterestingTestFactory`.
      Avoid using mocks, these tend to produce unused stubbing errors or a
      `java.lang.NullPointerException`.
      If your environment has internet access then further documentation on
      factory methods for Cover can be found here:
      https://docs.diffblue.com/features/tutorials/increase-code-coverage#test-factory-pattern
      
      The factory should produce a parameter/this object such that
      the following exception does not occur:
      
      ```
      java.lang.ArrayIndexOutOfBoundsException: Index 2 out of bounds for length 2
        at eu.infinitech.finflink.transformations.data.ToTrade.map(ToTrade.java:21)
      ```
      
      Recompile the project to make sure the new factory is available to Cover.
      For example run `mvn install -DskipTests` or `gradle install -x test`.
      
INFO  
INFO  R002: Missing observers
      Diffblue Cover was unable to create an assertion.
      There are no fields that could be asserted on.
      
INFO  Affected methods:
      eu.infinitech.finflink.transformations.data.ToTrade.<init>:()V
      
INFO  To resolve the issue, use the following prompt with your AI assistant:
      
      Fix the following issue preventing test creation for:
      eu.infinitech.finflink.transformations.data.ToTrade.<init>:()V
      
      Diffblue Cover was unable to create an assertion.
      There are no fields that could be asserted on.
      
INFO  
INFO  R002: Missing observers
      Diffblue Cover was unable to create an assertion.
      There are no fields that could be asserted on.
      
INFO  Affected methods:
      eu.infinitech.finflink.keys.KeyByAssetID.<init>:()V
      
INFO  To resolve the issue, use the following prompt with your AI assistant:
      
      Fix the following issue preventing test creation for:
      eu.infinitech.finflink.keys.KeyByAssetID.<init>:()V
      
      Diffblue Cover was unable to create an assertion.
      There are no fields that could be asserted on.
      
INFO  
INFO  R002: Missing observers
      Diffblue Cover was unable to create an assertion.
      There are no fields that could be asserted on.
      
INFO  Affected methods:
      eu.infinitech.finflink.time.TradingDataTimeAssigner.<init>:()V
      
INFO  To resolve the issue, use the following prompt with your AI assistant:
      
      Fix the following issue preventing test creation for:
      eu.infinitech.finflink.time.TradingDataTimeAssigner.<init>:()V
      
      Diffblue Cover was unable to create an assertion.
      There are no fields that could be asserted on.
      
INFO  
INFO  R002: Missing observers
      Diffblue Cover was unable to create an assertion.
      There are no fields that could be asserted on.
      
INFO  Affected methods:
      eu.infinitech.finflink.sinks.PrintSink.<init>:()V
      
INFO  To resolve the issue, use the following prompt with your AI assistant:
      
      Fix the following issue preventing test creation for:
      eu.infinitech.finflink.sinks.PrintSink.<init>:()V
      
      Diffblue Cover was unable to create an assertion.
      There are no fields that could be asserted on.
      
INFO  
INFO  R011: Sandboxing policy violation
      Diffblue Cover ran code in your project that tried
      to access 'sun.misc' from calling class 'io.questdb.std.Unsafe'.
      Diffblue Cover's default sandboxing policy disallows this in order to prevent
      your code from damaging your system environment.
      See https://diff.blue/R011 to resolve this issue.
      
INFO  Affected methods:
      eu.infinitech.finflink.sinks.QuestDBSink.invoke:(Leu/infinitech/finflink/structures/TechnicalIndicators;Lorg/apache/flink/streaming/api/functions/sink/SinkFunction$Context;)V
      
INFO  To resolve the issue, use the following prompt with your AI assistant:
      
      Fix the following issue preventing test creation for:
      eu.infinitech.finflink.sinks.QuestDBSink.invoke:(Leu/infinitech/finflink/structures/TechnicalIndicators;Lorg/apache/flink/streaming/api/functions/sink/SinkFunction$Context;)V
      
      Diffblue Cover ran code in your project that tried
      to access 'sun.misc' from calling class 'io.questdb.std.Unsafe'.
      Diffblue Cover's default sandboxing policy disallows this in order to prevent
      your code from damaging your system environment.
      See https://diff.blue/R011 to resolve this issue.
      
INFO  
INFO  7 issues were found and displayed
INFO  Rerun without --prompts to summarise all the issues
INFO  
INFO  Log file: /home/jbergqvist/diffblue/terrierteam-FinFlink/.diffblue/log/user-20260112T132316.log
INFO  Finished in 4s
